// Vitest Snapshot v1, https://vitest.dev/guide/snapshot.html

exports[`<Button /> > should render the button 1`] = `
<button
  class="inline-flex items-center justify-center gap-2 whitespace-nowrap rounded-md text-sm font-medium transition-[color,box-shadow] disabled:pointer-events-none disabled:opacity-50 [&_svg]:pointer-events-none [&_svg:not([class*='size-'])]:size-4 [&_svg]:shrink-0 ring-ring/10 dark:ring-ring/20 dark:outline-ring/40 outline-ring/50 focus-visible:ring-4 focus-visible:outline-1 aria-invalid:focus-visible:ring-0 bg-primary text-primary-foreground shadow-sm hover:bg-primary/90 h-9 px-4 py-2 has-[>svg]:px-3"
  data-slot="button"
  title="Button"
/>
`;
